WARNING: A restricted method in java.lang.System has been called
WARNING: java.lang.System::load has been called by org.fusesource.jansi.internal.JansiLoader in an unnamed module (file:/Users/eazybytes/Documents/Storage/Softwares/apache-maven-3.8.6/lib/jansi-2.4.0.jar)
WARNING: Use --enable-native-access=ALL-UNNAMED to avoid a warning for callers in this module
WARNING: Restricted methods will be blocked in a future release unless native access is enabled

WARNING: A terminally deprecated method in sun.misc.Unsafe has been called
WARNING: sun.misc.Unsafe::objectFieldOffset has been called by com.google.common.util.concurrent.AbstractFuture$UnsafeAtomicHelper (file:/Users/eazybytes/Documents/Storage/Softwares/apache-maven-3.8.6/lib/guava-25.1-android.jar)
WARNING: Please consider reporting this to the maintainers of class com.google.common.util.concurrent.AbstractFuture$UnsafeAtomicHelper
WARNING: sun.misc.Unsafe::objectFieldOffset will be removed in a future release
[INFO] Scanning for projects...
[INFO] 
[INFO] ------------------------< com.eazybytes:loans >-------------------------
[INFO] Building loans 0.0.1-SNAPSHOT
[INFO] --------------------------------[ jar ]---------------------------------
[INFO] 
[INFO] --- maven-resources-plugin:3.5.0:resources (default-resources) @ loans ---
[INFO] Copying 1 resource from src/main/resources to target/classes
[INFO] Copying 1 resource from src/main/resources to target/classes
[INFO] 
[INFO] --- maven-compiler-plugin:3.15.0:compile (default-compile) @ loans ---
[INFO] Nothing to compile - all classes are up to date.
[INFO] 
[INFO] --- jib-maven-plugin:3.5.2:dockerBuild (default-cli) @ loans ---
[WARNING] 'mainClass' configured in 'maven-jar-plugin' is not a valid Java class: ${start-class}
[INFO] 
[INFO] Containerizing application to Docker daemon as eazybytes/loans:s9...
[WARNING] Base image 'eclipse-temurin:25-jre' does not use a specific image digest - build may not be reproducible
[INFO] Getting manifest for base image eclipse-temurin:25-jre...
[INFO] Building dependencies layer...
[INFO] Building resources layer...
[INFO] Building classes layer...
[INFO] Building jvm arg files layer...
[INFO] The base image requires auth. Trying again for eclipse-temurin:25-jre...
[WARNING] The credential helper (docker-credential-desktop) has nothing for server URL: registry-1.docker.io

Got output:

credentials not found in native keychain

[WARNING] The credential helper (docker-credential-desktop) has nothing for server URL: registry.hub.docker.com

Got output:

credentials not found in native keychain

[INFO] Using credentials from Docker config (/Users/eazybytes/.docker/config.json) for eclipse-temurin:25-jre
[INFO] Using base image with digest: sha256:f9e65324a37f28209ce7dd0e5149a7aa954520ed936fb87813cf6ded2400a112
[INFO] 
[INFO] Container entrypoint set to [java, -cp, @/app/jib-classpath-file, com.eazybytes.loans.LoansApplication]
[INFO] Loading to Docker daemon...
[INFO] 
[INFO] Built image to Docker daemon as eazybytes/loans:s9
[INFO] 
[INFO] ------------------------------------------------------------------------
[INFO] BUILD SUCCESS
[INFO] ------------------------------------------------------------------------
[INFO] Total time:  13.607 s
[INFO] Finished at: 2026-09-05T15:19:36+05:30
[INFO] ------------------------------------------------------------------------
